// Jest Snapshot v1, https://goo.gl/fbAQLP

exports[`Container component should attach classNames 1`] = `"<div role=\\"complementary\\" class=\\"gridjs gridjs-container test-container\\" style=\\"width: 500px;\\"><div class=\\"gridjs-head test-header\\"><div class=\\"gridjs-search\\"><input type=\\"search\\" placeholder=\\"Type a keyword...\\" aria-label=\\"Type a keyword...\\" class=\\"gridjs-input gridjs-search-input\\"></div></div><div class=\\"gridjs-wrapper\\" style=\\"width: 500px; height: auto;\\"><table role=\\"grid\\" class=\\"gridjs-table test-table\\" style=\\"width: 500px; height: auto;\\"><thead class=\\"gridjs-thead\\"><tr class=\\"gridjs-tr\\"><th data-column-id=\\"c1\\" class=\\"gridjs-th test-th\\">c1</th><th data-column-id=\\"c2\\" class=\\"gridjs-th gridjs-th-sort test-th\\" tabindex=\\"0\\">c2<button tabindex=\\"-1\\" aria-label=\\"Sort column ascending\\" title=\\"Sort column ascending\\" class=\\"gridjs-sort gridjs-sort-neutral\\"></button></th><th data-column-id=\\"c3\\" class=\\"gridjs-th gridjs-th-sort test-th\\" tabindex=\\"0\\">c3<button tabindex=\\"-1\\" aria-label=\\"Sort column ascending\\" title=\\"Sort column ascending\\" class=\\"gridjs-sort gridjs-sort-neutral\\"></button></th></tr></thead><tbody class=\\"gridjs-tbody\\"><tr class=\\"gridjs-tr\\"><td class=\\"gridjs-td test-td\\" data-column-id=\\"c1\\">1</td><td class=\\"gridjs-td test-td\\" data-column-id=\\"c2\\">2</td><td class=\\"gridjs-td test-td\\" data-column-id=\\"c3\\">3</td></tr><tr class=\\"gridjs-tr\\"><td class=\\"gridjs-td test-td\\" data-column-id=\\"c1\\">a</td><td class=\\"gridjs-td test-td\\" data-column-id=\\"c2\\">b</td><td class=\\"gridjs-td test-td\\" data-column-id=\\"c3\\">c</td></tr></tbody></table></div><div class=\\"gridjs-footer test-footer\\"><div class=\\"gridjs-pagination\\"><div role=\\"status\\" class=\\"gridjs-summary\\" title=\\"Page 1 of 1\\">Showing <b>1</b> to <b>2</b> of <b>2</b> results</div><div class=\\"gridjs-pages\\"><button tabindex=\\"0\\" class=\\"gridjs-btn\\" disabled=\\"\\">Previous</button><button tabindex=\\"0\\" class=\\"gridjs-btn gridjs-currentPage\\" title=\\"Page 1\\">1</button><button tabindex=\\"0\\" class=\\"gridjs-btn\\" disabled=\\"\\">Next</button></div></div></div></div><div id=\\"gridjs-temp\\" class=\\"gridjs-temp\\"></div>"`;

exports[`Container component should attach styles 1`] = `"<div role=\\"complementary\\" class=\\"gridjs gridjs-container\\" style=\\"border: 1px solid #ccc; width: 500px;\\"><div class=\\"gridjs-head\\" style=\\"padding: 5px;\\"><div class=\\"gridjs-search\\"><input type=\\"search\\" placeholder=\\"Type a keyword...\\" aria-label=\\"Type a keyword...\\" class=\\"gridjs-input gridjs-search-input\\"></div></div><div class=\\"gridjs-wrapper\\" style=\\"width: 500px; height: auto;\\"><table role=\\"grid\\" class=\\"gridjs-table\\" style=\\"font-size: 15px; width: 500px; height: auto;\\"><tbody class=\\"gridjs-tbody\\"><tr class=\\"gridjs-tr\\"><td class=\\"gridjs-td\\" style=\\"font-weight: bold;\\">1</td><td class=\\"gridjs-td\\" style=\\"font-weight: bold;\\">2</td><td class=\\"gridjs-td\\" style=\\"font-weight: bold;\\">3</td></tr><tr class=\\"gridjs-tr\\"><td class=\\"gridjs-td\\" style=\\"font-weight: bold;\\">a</td><td class=\\"gridjs-td\\" style=\\"font-weight: bold;\\">b</td><td class=\\"gridjs-td\\" style=\\"font-weight: bold;\\">c</td></tr></tbody></table></div><div class=\\"gridjs-footer\\" style=\\"margin: 2px;\\"><div class=\\"gridjs-pagination\\"><div role=\\"status\\" class=\\"gridjs-summary\\" title=\\"Page 1 of 1\\">Showing <b>1</b> to <b>2</b> of <b>2</b> results</div><div class=\\"gridjs-pages\\"><button tabindex=\\"0\\" class=\\"gridjs-btn\\" disabled=\\"\\">Previous</button><button tabindex=\\"0\\" class=\\"gridjs-btn gridjs-currentPage\\" title=\\"Page 1\\">1</button><button tabindex=\\"0\\" class=\\"gridjs-btn\\" disabled=\\"\\">Next</button></div></div></div></div><div id=\\"gridjs-temp\\" class=\\"gridjs-temp\\"></div>"`;

exports[`Container component should render a container with array of objects with object columns 1`] = `"<div role=\\"complementary\\" class=\\"gridjs gridjs-container\\" style=\\"width: 100%;\\"><div class=\\"gridjs-wrapper\\" style=\\"width: 100%; height: auto;\\"><table role=\\"grid\\" class=\\"gridjs-table\\" style=\\"width: 100%; height: auto;\\"><thead class=\\"gridjs-thead\\"><tr class=\\"gridjs-tr\\"><th data-column-id=\\"name\\" class=\\"gridjs-th\\">Name</th><th data-column-id=\\"phone\\" class=\\"gridjs-th\\">Phone Number</th></tr></thead><tbody class=\\"gridjs-tbody\\"><tr class=\\"gridjs-tr\\"><td class=\\"gridjs-td\\" data-column-id=\\"name\\">boo</td><td class=\\"gridjs-td\\" data-column-id=\\"phone\\">123</td></tr><tr class=\\"gridjs-tr\\"><td class=\\"gridjs-td\\" data-column-id=\\"name\\">foo</td><td class=\\"gridjs-td\\" data-column-id=\\"phone\\">456</td></tr><tr class=\\"gridjs-tr\\"><td class=\\"gridjs-td\\" data-column-id=\\"name\\">bar</td><td class=\\"gridjs-td\\" data-column-id=\\"phone\\">789</td></tr></tbody></table></div></div><div id=\\"gridjs-temp\\" class=\\"gridjs-temp\\"></div>"`;

exports[`Container component should render a container with array of objects with string columns 1`] = `"<div role=\\"complementary\\" class=\\"gridjs gridjs-container\\" style=\\"width: 100%;\\"><div class=\\"gridjs-wrapper\\" style=\\"width: 100%; height: auto;\\"><table role=\\"grid\\" class=\\"gridjs-table\\" style=\\"width: 100%; height: auto;\\"><thead class=\\"gridjs-thead\\"><tr class=\\"gridjs-tr\\"><th data-column-id=\\"name\\" class=\\"gridjs-th\\">Name</th><th data-column-id=\\"phoneNumber\\" class=\\"gridjs-th\\">Phone Number</th></tr></thead><tbody class=\\"gridjs-tbody\\"><tr class=\\"gridjs-tr\\"><td class=\\"gridjs-td\\" data-column-id=\\"name\\">boo</td><td class=\\"gridjs-td\\" data-column-id=\\"phoneNumber\\">123</td></tr><tr class=\\"gridjs-tr\\"><td class=\\"gridjs-td\\" data-column-id=\\"name\\">foo</td><td class=\\"gridjs-td\\" data-column-id=\\"phoneNumber\\">456</td></tr><tr class=\\"gridjs-tr\\"><td class=\\"gridjs-td\\" data-column-id=\\"name\\">bar</td><td class=\\"gridjs-td\\" data-column-id=\\"phoneNumber\\">789</td></tr></tbody></table></div></div><div id=\\"gridjs-temp\\" class=\\"gridjs-temp\\"></div>"`;

exports[`Container component should render a container with array of objects without columns input 1`] = `"<div role=\\"complementary\\" class=\\"gridjs gridjs-container\\" style=\\"width: 100%;\\"><div class=\\"gridjs-wrapper\\" style=\\"width: 100%; height: auto;\\"><table role=\\"grid\\" class=\\"gridjs-table\\" style=\\"width: 100%; height: auto;\\"><thead class=\\"gridjs-thead\\"><tr class=\\"gridjs-tr\\"><th data-column-id=\\"name\\" class=\\"gridjs-th\\">name</th><th data-column-id=\\"phoneNumber\\" class=\\"gridjs-th\\">phoneNumber</th></tr></thead><tbody class=\\"gridjs-tbody\\"><tr class=\\"gridjs-tr\\"><td class=\\"gridjs-td\\" data-column-id=\\"name\\">boo</td><td class=\\"gridjs-td\\" data-column-id=\\"phoneNumber\\">123</td></tr><tr class=\\"gridjs-tr\\"><td class=\\"gridjs-td\\" data-column-id=\\"name\\">foo</td><td class=\\"gridjs-td\\" data-column-id=\\"phoneNumber\\">456</td></tr><tr class=\\"gridjs-tr\\"><td class=\\"gridjs-td\\" data-column-id=\\"name\\">bar</td><td class=\\"gridjs-td\\" data-column-id=\\"phoneNumber\\">789</td></tr></tbody></table></div></div><div id=\\"gridjs-temp\\" class=\\"gridjs-temp\\"></div>"`;

exports[`Container component should render a container with error 1`] = `"<div role=\\"complementary\\" class=\\"gridjs gridjs-container\\" style=\\"width: 100%;\\"><div class=\\"gridjs-wrapper\\" style=\\"width: 100%; height: auto;\\"><table role=\\"grid\\" class=\\"gridjs-table\\" style=\\"width: 100%; height: auto;\\"><tbody class=\\"gridjs-tbody\\"><tr class=\\"gridjs-tr\\"><td role=\\"alert\\" colspan=\\"0\\" class=\\"gridjs-td gridjs-message gridjs-error\\">An error happened while fetching the data</td></tr></tbody></table></div></div><div id=\\"gridjs-temp\\" class=\\"gridjs-temp\\"></div>"`;

exports[`Container component should render a container with null array 1`] = `"<div role=\\"complementary\\" class=\\"gridjs gridjs-container\\" style=\\"width: 100%;\\"><div class=\\"gridjs-wrapper\\" style=\\"width: 100%; height: auto;\\"><table role=\\"grid\\" class=\\"gridjs-table\\" style=\\"width: 100%; height: auto;\\"><tbody class=\\"gridjs-tbody\\"><tr class=\\"gridjs-tr\\"><td role=\\"alert\\" colspan=\\"0\\" class=\\"gridjs-td gridjs-message gridjs-notfound\\">No matching records found</td></tr></tbody></table></div></div><div id=\\"gridjs-temp\\" class=\\"gridjs-temp\\"></div>"`;

exports[`Container component should render a container with searchable table 1`] = `"<div role=\\"complementary\\" class=\\"gridjs gridjs-container\\" style=\\"width: 100%;\\"><div class=\\"gridjs-head\\"><div class=\\"gridjs-search\\"><input type=\\"search\\" placeholder=\\"Type a keyword...\\" aria-label=\\"Type a keyword...\\" class=\\"gridjs-input gridjs-search-input\\"></div></div><div class=\\"gridjs-wrapper\\" style=\\"width: 100%; height: auto;\\"><table role=\\"grid\\" class=\\"gridjs-table\\" style=\\"width: 100%; height: auto;\\"><tbody class=\\"gridjs-tbody\\"><tr class=\\"gridjs-tr\\"><td class=\\"gridjs-td\\">1</td><td class=\\"gridjs-td\\">2</td><td class=\\"gridjs-td\\">3</td></tr><tr class=\\"gridjs-tr\\"><td class=\\"gridjs-td\\">a</td><td class=\\"gridjs-td\\">b</td><td class=\\"gridjs-td\\">c</td></tr></tbody></table></div></div><div id=\\"gridjs-temp\\" class=\\"gridjs-temp\\"></div>"`;

exports[`Container component should render a container with sortable and paginated table 1`] = `"<div role=\\"complementary\\" class=\\"gridjs gridjs-container\\" style=\\"width: 100%;\\"><div class=\\"gridjs-head\\"><div class=\\"gridjs-search\\"><input type=\\"search\\" placeholder=\\"Type a keyword...\\" aria-label=\\"Type a keyword...\\" class=\\"gridjs-input gridjs-search-input\\"></div></div><div class=\\"gridjs-wrapper\\" style=\\"width: 100%; height: auto;\\"><table role=\\"grid\\" class=\\"gridjs-table\\" style=\\"width: 100%; height: auto;\\"><thead class=\\"gridjs-thead\\"><tr class=\\"gridjs-tr\\"><th data-column-id=\\"c1\\" class=\\"gridjs-th\\">c1</th><th data-column-id=\\"c2\\" class=\\"gridjs-th gridjs-th-sort\\" tabindex=\\"0\\">c2<button tabindex=\\"-1\\" aria-label=\\"Sort column ascending\\" title=\\"Sort column ascending\\" class=\\"gridjs-sort gridjs-sort-neutral\\"></button></th><th data-column-id=\\"c3\\" class=\\"gridjs-th gridjs-th-sort\\" tabindex=\\"0\\">c3<button tabindex=\\"-1\\" aria-label=\\"Sort column ascending\\" title=\\"Sort column ascending\\" class=\\"gridjs-sort gridjs-sort-neutral\\"></button></th></tr></thead><tbody class=\\"gridjs-tbody\\"><tr class=\\"gridjs-tr\\"><td data-column-id=\\"c1\\" class=\\"gridjs-td\\">1</td><td data-column-id=\\"c2\\" class=\\"gridjs-td\\">2</td><td data-column-id=\\"c3\\" class=\\"gridjs-td\\">3</td></tr><tr class=\\"gridjs-tr\\"><td data-column-id=\\"c1\\" class=\\"gridjs-td\\">a</td><td data-column-id=\\"c2\\" class=\\"gridjs-td\\">b</td><td data-column-id=\\"c3\\" class=\\"gridjs-td\\">c</td></tr></tbody></table></div><div class=\\"gridjs-footer\\"><div class=\\"gridjs-pagination\\"><div role=\\"status\\" class=\\"gridjs-summary\\" title=\\"Page 1 of 1\\">Showing <b>1</b> to <b>2</b> of <b>2</b> results</div><div class=\\"gridjs-pages\\"><button tabindex=\\"0\\" class=\\"gridjs-btn\\" disabled=\\"\\">Previous</button><button tabindex=\\"0\\" class=\\"gridjs-btn gridjs-currentPage\\" title=\\"Page 1\\">1</button><button tabindex=\\"0\\" class=\\"gridjs-btn\\" disabled=\\"\\">Next</button></div></div></div></div><div id=\\"gridjs-temp\\" class=\\"gridjs-temp\\"></div>"`;

exports[`Container component should render a container with table 1`] = `"<div role=\\"complementary\\" class=\\"gridjs gridjs-container\\" style=\\"width: 100%;\\"><div class=\\"gridjs-wrapper\\" style=\\"width: 100%; height: auto;\\"><table role=\\"grid\\" class=\\"gridjs-table\\" style=\\"width: 100%; height: auto;\\"><tbody class=\\"gridjs-tbody\\"><tr class=\\"gridjs-tr\\"><td class=\\"gridjs-td\\">1</td><td class=\\"gridjs-td\\">2</td><td class=\\"gridjs-td\\">3</td></tr><tr class=\\"gridjs-tr\\"><td class=\\"gridjs-td\\">a</td><td class=\\"gridjs-td\\">b</td><td class=\\"gridjs-td\\">c</td></tr></tbody></table></div></div><div id=\\"gridjs-temp\\" class=\\"gridjs-temp\\"></div>"`;

exports[`Container component should render a table with correct th widths 1`] = `"<div role=\\"complementary\\" class=\\"gridjs gridjs-container\\" style=\\"width: 100%;\\"><div class=\\"gridjs-wrapper\\" style=\\"width: 100%; height: auto;\\"><table role=\\"grid\\" class=\\"gridjs-table\\" style=\\"width: 100%; height: auto;\\"><thead class=\\"gridjs-thead\\"><tr class=\\"gridjs-tr\\"><th class=\\"gridjs-th\\" style=\\"width: 42px;\\">hello world</th><th class=\\"gridjs-th gridjs-th-sort\\" style=\\"width: 42px;\\" tabindex=\\"0\\">you are super cool<button tabindex=\\"-1\\" aria-label=\\"Sort column ascending\\" title=\\"Sort column ascending\\" class=\\"gridjs-sort gridjs-sort-neutral\\"></button></th><th class=\\"gridjs-th gridjs-th-sort\\" style=\\"width: 200px;\\" tabindex=\\"0\\">actions<button tabindex=\\"-1\\" aria-label=\\"Sort column ascending\\" title=\\"Sort column ascending\\" class=\\"gridjs-sort gridjs-sort-neutral\\"></button></th></tr></thead><tbody class=\\"gridjs-tbody\\"><tr class=\\"gridjs-tr\\"><td class=\\"gridjs-td\\">1</td><td class=\\"gridjs-td\\">2</td><td class=\\"gridjs-td\\">3</td></tr><tr class=\\"gridjs-tr\\"><td class=\\"gridjs-td\\">a</td><td class=\\"gridjs-td\\">b</td><td class=\\"gridjs-td\\">c</td></tr></tbody></table></div></div><div id=\\"gridjs-temp\\" class=\\"gridjs-temp\\"></div>"`;
